[bisque-environment-743692.framer.app/index.html]
[backblue.gif]
[fade.gif]
[index.html]
[framerusercontent.com/sites/icons/default-favicon-light.v1.png]
[framerusercontent.com/sites/icons/default-favicon-dark.v1.png]
[framerusercontent.com/sites/icons/default-touch-icon.v3.png]
[framerusercontent.com/images/RiNErEyoBxHEEehtEFVfqhRBBg.jpg]
[framerusercontent.com/images/JV0bZ7yrc1A0Z9L8mlFcVseKHo.png]
[framerusercontent.com/images/XYiwm9w0oZT8YS6qo0JTelBg.png]
[framerusercontent.com/images/xTqiKX9D5kGtyT4yZrjlFN6EwJE.png]
[framerusercontent.com/images/WL1K0mLTYwedzBgeF68smRJssA.png]
[framerusercontent.com/images/H2HHrVW1S2aR5MeBbpFgwHHVvs.jpg]
[framerusercontent.com/images/SuJ8UPE36Vx4EoYiyw5eSetlrBA.png]
[framerusercontent.com/images/QFcHoYqeJJCwtaSZdprlt2wSkDU.jpg]
[framerusercontent.com/images/Tl28jtcrBoksCgCiEkU5rmKRCA.jpg]
[framerusercontent.com/images/TK7OuN7zXy4XqryDCjfT1wPpPs.jpg]
[framerusercontent.com/images/rOTrvpHouD18CDBn95itpo7JgY.jpg]
[framerusercontent.com/images/gxMn4CUkLrBoq2tG5UXw29VMxo.png]
[framerusercontent.com/images/L1HUBW9AbsLIImxZsv1EPbtx9s.png]
[framerusercontent.com/images/SuabtmRun6VQaGuJaBCnwCBjG0.png]
[framerusercontent.com/images/R0BTAGEgNrNGobvt0DGAEPa32fs.png]
[framerusercontent.com/images/51B0oAhQ3dK9Nehl7KMKIxFVsE.png]
[framerusercontent.com/images/y6jPNRhjjqfu1H4lxkXy1HxhbU.png]
[framerusercontent.com/images/zS4I5zY9sJ8LH7wU4qCpodcsf0w.jpg]
[framerusercontent.com/images/YGq8BB5LRERD51iJUSyZEL1lmpE.png]
[bisque-environment-743692.framer.app/index.html]
